// Jest Snapshot v1, https://goo.gl/fbAQLP

exports[`render renders basic dom 1`] = `"<div>Hello World!</div>"`;

exports[`render renders number 1`] = `"1000"`;

exports[`render renders string 1`] = `"string"`;
