// Jest Snapshot v1, https://goo.gl/fbAQLP

exports[`setup minimal setup 1`] = `"<div>Hello World!</div>"`;
